────────────────────────────────────────────────────────────
 Topic  Audience

 What kind of examples do you need?
   1. API usage
     Request/response examples or client usage
 ▸ 2. UI copy
     Interface text or prompts
   3. Code snippets
     Functions, patterns, or small modules
   4. Type your own answer
     Something else
 tab: next  up/down: select  enter: confirm  esc: dismiss