[48;2;22;22;22m                                                                                [0m
[38;5;6m[48;2;22;22;22m[1m Switch Model [0m[48;2;22;22;22m                                                                  [0m
[48;2;22;22;22m [38;5;6m[48;2;22;22;22m> [38;5;7m[48;2;22;22;22mxyz[0m[48;2;22;22;22m                                                                          [0m
[48;2;22;22;22m [38;5;8m[48;2;22;22;22m------------------------------------------------------------------------------[0m[48;2;22;22;22m [0m
[48;2;22;22;22m [38;2;100;100;100m[48;2;22;22;22mNo matching models[0m[48;2;22;22;22m                                                             [0m
[48;2;22;22;22m                                                                                [0m
[48;2;22;22;22m                                                                                [0m
[48;2;22;22;22m                                                                                [0m
[48;2;22;22;22m [38;2;100;100;100m[48;2;22;22;22mType to search  |  ↑↓/Ctrl-n/p:Navigate  |  Enter:Select  |  ESC:Clear/Cancel[0m[48;2;22;22;22m  [0m
[48;2;22;22;22m                                                                                [0m