[48;2;22;22;22m                                                                                [0m
[38;5;6m[48;2;22;22;22m[1m Switch Model [0m[48;2;22;22;22m                                                                  [0m
[48;2;22;22;22m [38;2;100;100;100m[48;2;22;22;22mType to search...[0m[48;2;22;22;22m                                                              [0m
[48;2;22;22;22m [38;5;8m[48;2;22;22;22m------------------------------------------------------------------------------[0m[48;2;22;22;22m [0m
[48;2;22;22;22m [38;5;6m[48;2;22;22;22m  [38;2;100;100;100m[48;2;22;22;22mGPT-5.2 Codex[0m[48;2;22;22;22m                                                                [0m
[48;2;22;22;22m [38;5;6m[48;2;22;22;22m  [38;2;100;100;100m[48;2;22;22;22mGPT-5.1 Codex[0m[48;2;22;22;22m                                                                [0m
[48;2;22;22;22m [38;5;6m[48;2;22;22;22m▶ [38;5;7m[48;2;22;22;22m[1mGPT-5.1 Codex mini[0m[48;2;22;22;22m                                                           [0m
[48;2;22;22;22m [38;5;6m[48;2;22;22;22m  [38;2;100;100;100m[48;2;22;22;22mTrinity Large Preview[0m[48;2;22;22;22m                                                        [0m
[48;2;22;22;22m [38;5;6m[48;2;22;22;22m  [38;2;100;100;100m[48;2;22;22;22mGLM-4.7 Free[0m[48;2;22;22;22m                                                                 [0m
[48;2;22;22;22m                                                                                [0m
[48;2;22;22;22m                                                                                [0m
[48;2;22;22;22m                                                                                [0m
[48;2;22;22;22m                                                                                [0m
[48;2;22;22;22m                                                                                [0m
[48;2;22;22;22m                                                                                [0m
[48;2;22;22;22m                                                                                [0m
[48;2;22;22;22m [38;2;100;100;100m[48;2;22;22;22mType to search  |  ↑↓/Ctrl-n/p:Navigate  |  Enter:Select  |  ESC:Clear/Cancel[0m[48;2;22;22;22m  [0m
[48;2;22;22;22m                                                                                [0m