[48;2;22;22;22m                                                                                [0m
[38;5;6m[48;2;22;22;22m[1m Switch Model [0m[48;2;22;22;22m                                                                  [0m
[48;2;22;22;22m [38;2;100;100;100m[48;2;22;22;22mType to search...[0m[48;2;22;22;22m                                                              [0m
[48;2;22;22;22m [38;5;8m[48;2;22;22;22m------------------------------------------------------------------------------[0m[48;2;22;22;22m [0m
[48;2;22;22;22m [38;5;6m[48;2;22;22;22m  [38;2;100;100;100m[48;2;22;22;22mClaude Sonnet 4[0m[48;2;22;22;22m                                                              [0m
[48;2;22;22;22m    [38;2;100;100;100m[48;2;22;22;22mFast and capable[0m[48;2;22;22;22m                                                            [0m
[48;2;22;22;22m [38;5;6m[48;2;22;22;22m▶ [38;5;7m[48;2;22;22;22m[1mClaude Opus 4[0m[38;5;2m[48;2;22;22;22m ✓[0m[48;2;22;22;22m                                                              [0m
[48;2;22;22;22m    [38;2;100;100;100m[48;2;22;22;22mMost powerful model[0m[48;2;22;22;22m                                                         [0m
[48;2;22;22;22m [38;5;6m[48;2;22;22;22m  [38;2;100;100;100m[48;2;22;22;22mGPT-4o[0m[48;2;22;22;22m                                                                       [0m
[48;2;22;22;22m    [38;2;100;100;100m[48;2;22;22;22mMultimodal reasoning[0m[48;2;22;22;22m                                                        [0m
[48;2;22;22;22m                                                                                [0m
[48;2;22;22;22m                                                                                [0m
[48;2;22;22;22m                                                                                [0m
[48;2;22;22;22m                                                                                [0m
[48;2;22;22;22m                                                                                [0m
[48;2;22;22;22m                                                                                [0m
[48;2;22;22;22m                                                                                [0m
[48;2;22;22;22m                                                                                [0m
[48;2;22;22;22m [38;2;100;100;100m[48;2;22;22;22mType to search  |  ↑↓/Ctrl-n/p:Navigate  |  Enter:Select  |  ESC:Clear/Cancel[0m[48;2;22;22;22m  [0m
[48;2;22;22;22m                                                                                [0m