[48;2;22;22;22m                                                                                                    [0m
[48;2;22;22;22m [38;5;6m[48;2;22;22;22m[1mGo to File (3 files, +47, -15)[0m[48;2;22;22;22m                                                                     [0m
[48;2;22;22;22m [38;5;3m[48;2;22;22;22m/ [0m[48;2;22;22;22m                                                                                                 [0m
[48;2;22;22;22m [38;5;8m[48;2;22;22;22m--------------------------------------------------------------------------------------------------[0m[48;2;22;22;22m [0m
[48;2;22;22;22m [38;5;6m[48;2;22;22;22m▶ [38;5;7m[48;2;22;22;22m[1msrc/main.zig[0m[48;2;22;22;22m  [38;5;8m[48;2;22;22;22mEntry point[0m[48;2;22;22;22m                                                                        [0m
[48;2;22;22;22m [38;5;8m[48;2;22;22;22m  [38;5;7m[48;2;22;22;22msrc/ui.zig[0m[48;2;22;22;22m  [38;5;8m[48;2;22;22;22mUI rendering[0m[48;2;22;22;22m                                                                         [0m
[48;2;22;22;22m [38;5;8m[48;2;22;22;22m  [38;5;7m[48;2;22;22;22msrc/command_palette.zig[0m[48;2;22;22;22m  [38;5;8m[48;2;22;22;22mCommand palette[0m[48;2;22;22;22m                                                         [0m
[48;2;22;22;22m                                                                                                    [0m
[48;2;22;22;22m                                                                                                    [0m
[48;2;22;22;22m                                                                                                    [0m
[48;2;22;22;22m                                                                                                    [0m
[48;2;22;22;22m                                                                                                    [0m