──────────────────────────────────────────────────────────────────────
 Language Selection
 Which programming language should we use?
   TypeScript - Strongly typed JavaScript
 ▸ Python - General purpose scripting
   Go - Systems programming
                             j/k:navigate  Enter:submit  Ctrl-c:cancel