╭───────────────── Keybindings ──────────────────╮
│                                                │
│                                                │
│                                                │
│                                                │
│                                                │
│                                                │
╰────────────── ? or Esc to close ───────────────╯