
 Switch Model
 Type to search...
 ------------------------------------------------------------------------------
   Claude Sonnet 4
    Fast and capable
 ▶ Claude Opus 4 ✓
    Most powerful model
   GPT-4o
    Multimodal reasoning








 Type to search  |  ↑↓/Ctrl-n/p:Navigate  |  Enter:Select  |  ESC:Clear/Cancel