 custom · 0/31                    ⟳ 2m ago │
 label:nope                                │
───────────────────────────────────────────│
                                           │
                                           │
         No PRs match `label:nope`         │
             f: change filter              │
                                           │
                                           │
 f:filter F:preset R:sync ^b:hide y/Y:yank │