 custom · 0/31                    ⟳ 2m ago │
 label:nope                                │
───────────────────────────────────────────│
                                           │
                                           │
         No PRs match `label:nope`         │
      f: filter menu · F: next preset      │
                                           │
                                           │
 f:filter F:preset R:sync ^b:hide          │