 All open · 31/31         offline · 3h old │
 no filter                                 │
───────────────────────────────────────────│
 ▸ #813 [3] Backoff helper      alice  ✓●Δ │
 ▸ #790 [2] Split parser module alice  ✗ • │
   #750 Standalone change 750   bob    ✓ • │
   #749 Standalone change 749   me      ✓• │
   #748 Standalone change 748   bob      • │
   #747 Standalone change 747   alice  ✓ • │
                                           │