 All open · 3/3       ⟳ 2m ago │
 no filter                     │
───────────────────────────────│
▌  #1204 Rework the incr…  ✓ • │
   #1198 Fix scroll jitt… D✗ • │
   #977  Docs               ●• │
                               │
                               │
                               │
                               │
                               │
 f:filter F:preset R:sync      │