 All open · 0/0 offline · net… │
 no filter                     │
───────────────────────────────│
                               │
                               │
 network error reaching GitHub │
                               │
                               │
                               │
 f:filter F:preset R:sync      │