

      ┌─ Explore Task ───────────────────────────────┐
      │                                              │
      │ You                                          │
      │ What files handle routing?                   │
      │                                              │
      │ Let me search for routing files.             │
      │   ⏺ **/*router*                              │
      │                                              │
      │ Found src/router.zig                         │
      │                                              │
      │                                              │
      │                                              │
      │                                              │
      │                                              │
      │                                              │
      └─j/k:scroll  Ctrl-c/Esc/q:close───────────────┘