

      ┌─ Explore Task ───────────────────────────────┐
      │ Loading messages...                          │
      │                                              │
      │                                              │
      │                                              │
      │                                              │
      │                                              │
      │                                              │
      │                                              │
      │                                              │
      │                                              │
      │                                              │
      │                                              │
      │                                              │
      │                                              │
      └─j/k:scroll  ESC/q:close──────────────────────┘