

      ┌─ Explore Task ───────────────────────────────┐
      │ No messages in this session.                 │
      │                                              │
      │                                              │
      │                                              │
      │                                              │
      │                                              │
      │                                              │
      │                                              │
      │                                              │
      │                                              │
      │                                              │
      │                                              │
      │                                              │
      │                                              │
      └─j/k:scroll  ESC/q:close──────────────────────┘