

      ┌─ Explore Task ───────────────────────────────┐
      │ Loading messages...                          │
      │                                              │
      │                                              │
      │                                              │
      │                                              │
      │                                              │
      │                                              │
      │                                              │
      │                                              │
      │                                              │
      │                                              │
      │                                              │
      │                                              │
      │                                              │
      └─j/k:scroll  Ctrl-c/Esc/q:close───────────────┘