

      ┌─ Explore Task ───────────────────────────────┐
      │ Error: Connection refused                    │
      │                                              │
      │                                              │
      │                                              │
      │                                              │
      │                                              │
      │                                              │
      │                                              │
      │                                              │
      │                                              │
      │                                              │
      │                                              │
      │                                              │
      │                                              │
      └─j/k:scroll  ESC/q:close──────────────────────┘