 All open · 31/31      ⟳ 2m ago │[stack #812→#814 · threads hidden · notes not saved]  File 1 of 2  src/bench/file_0.zig
 no filter                      │▼ src/bench/file_0.zig  +2 -2
────────────────────────────────│
 ▾ #813 [3] Backoff helper  ✓●Δ │┃       ▼ ↕ 1-6 → 1-6  bench hunk 0
  ┌ #814 Wire retry into … D• • │┃   1   const value_0 = 0; if (value_0 > 3) { return "alpha"; } else { return "beta"; }
  │ #813 Backoff helper     ✓●Δ │┃   2+  const value_1 = 1; if (value_1 > 3) { return "alpha"; } else { return "beta"; }
  └ #812 Retry fetch on 5…  ✓✓• │┃   2-  const value_2 = 2; if (value_2 > 3) { return "alpha"; } else { return "beta"; }
 ▾ #790 [2] Split parser …  ✗ • │┃   3   const value_3 = 3; if (value_3 > 3) { return "alpha"; } else { return "beta"; }
  ┌ #791 Parser tests         • │┃   4+  const value_4 = 4; if (value_4 > 3) { return "alpha"; } else { return "beta"; }
  └ #790 Split parser mod…  ✗ • │┃   4-  const value_5 = 5; if (value_5 > 3) { return "alpha"; } else { return "beta"; }
   #750 Standalone change…  ✓ • │
   #749 Standalone change…   ✓• │
   #748 Standalone change…    • │
   #747 Standalone change…  ✓ • │▼ src/bench/file_1.zig  +2 -2
   #746 Standalone change…    • │
   #745 Standalone change…   ✓• │┃       ▼ ↕ 1-6 → 1-6  bench hunk 0
   #744 Standalone change…  ✓ • │┃   1   const value_0 = 0; if (value_0 > 3) { return "alpha"; } else { return "beta"; }
   #743 Standalone change…    • │┃   2+  const value_1 = 1; if (value_1 > 3) { return "alpha"; } else { return "beta"; }
   #742 Standalone change…    • │┃   2-  const value_2 = 2; if (value_2 > 3) { return "alpha"; } else { return "beta"; }
   #741 Standalone change…  ✓✓• │┃   3   const value_3 = 3; if (value_3 > 3) { return "alpha"; } else { return "beta"; }
   #740 Standalone change…    • │┃   4+  const value_4 = 4; if (value_4 > 3) { return "alpha"; } else { return "beta"; }
   #739 Standalone change…    • │┃   4-  const value_5 = 5; if (value_5 > 3) { return "alpha"; } else { return "beta"; }
                                │┃
-- NORMAL -- [Unified] [Stdin]  PR #813 [+/-]  File 1/2  j/k:Move  |  Tab:PRs  |  ? for help